[2026-04-24 04:05:08] Starting Intel build pipeline
[2026-04-24 04:05:08] Script dir: /Users/wujiaqi/Library/Mobile Documents/com~apple~CloudDocs/00-Gakiwu/AI Agent/Codex-Intel-Rebuilder-main/scripts
[2026-04-24 04:05:08] Project root: /Users/wujiaqi/Library/Mobile Documents/com~apple~CloudDocs/00-Gakiwu/AI Agent/Codex-Intel-Rebuilder-main
[2026-04-24 04:05:08] Default source location: /Users/wujiaqi/Library/Mobile Documents/com~apple~CloudDocs/00-Gakiwu/AI Agent/Codex-Intel-Rebuilder-main/Codex.dmg
[2026-04-24 04:05:08] Default DMG output: /Users/wujiaqi/Library/Mobile Documents/com~apple~CloudDocs/00-Gakiwu/AI Agent/Codex-Intel-Rebuilder-main/Codex-Intel.dmg
[2026-04-24 04:05:08] Work dir: /Users/wujiaqi/Library/Mobile Documents/com~apple~CloudDocs/00-Gakiwu/AI Agent/Codex-Intel-Rebuilder-main/.tmp/codex_intel_build_20260424_040508
[2026-04-24 04:05:08] Source DMG: /Users/wujiaqi/Library/Mobile Documents/com~apple~CloudDocs/00-Gakiwu/AI Agent/Codex-Intel-Rebuilder-main/Codex.dmg
[2026-04-24 04:05:08] [10%%] Mounting source DMG in read-only mode
[2026-04-24 04:05:08] [15%%] Validating source app identity
[2026-04-24 04:05:08] Validated source app bundle id: com.openai.codex
[2026-04-24 04:05:08] Validated source app TeamIdentifier: 2DC432GLL2
[2026-04-24 04:05:08] [20%%] Copying source app bundle to work dir
[2026-04-24 04:05:23] Detected Electron version: 41.2.0
[2026-04-24 04:05:23] Detected Codex CLI / @openai/codex version: 0.124.0-alpha.2 (bundled codex binary strings)
[2026-04-24 04:05:23] Detected better-sqlite3 version: 12.8.0
[2026-04-24 04:05:23] Detected node-pty version: 1.1.0
[2026-04-24 04:05:23] System <source_location> header missing; preparing compatibility shim
[2026-04-24 04:05:23] [35%%] Preparing Intel rebuild workspace
[2026-04-24 04:05:23] [45%%] Installing npm dependencies (estimated progress will update during this stage; timeout: 20 minutes)
npm warn Unknown env config "platform". This will stop working in the next major version of npm.
npm warn Unknown env config "arch". This will stop working in the next major version of npm.
npm warn using --force Recommended protections disabled.
npm warn gitignore-fallback No .npmignore file found, using .gitignore for file exclusion. Consider creating a .npmignore file to explicitly control published files.
npm warn skipping integrity check for git dependency ssh://git@github.com/electron/node-gyp.git
npm warn deprecated inflight@1.0.6: This module is not supported, and leaks memory. Do not use it. Check out lru-cache if you want a good and tested way to coalesce async requests by a key value, which is much more comprehensive and powerful.
npm warn deprecated @npmcli/move-file@2.0.1: This functionality has been moved to @npmcli/fs
npm warn deprecated rimraf@3.0.2: Rimraf versions prior to v4 are no longer supported
npm warn deprecated glob@7.2.3: Old versions of glob are not supported, and contain widely publicized security vulnerabilities, which have been fixed in the current version. Please update. Support for old versions may be purchased (at exorbitant rates) by contacting i@izs.me
npm warn deprecated glob@8.1.0: Old versions of glob are not supported, and contain widely publicized security vulnerabilities, which have been fixed in the current version. Please update. Support for old versions may be purchased (at exorbitant rates) by contacting i@izs.me
npm warn deprecated prebuild-install@7.1.3: No longer maintained. Please contact the author of the relevant native addon; alternatives are available.
npm warn deprecated boolean@3.2.0: Package no longer supported. Contact Support at https://www.npmjs.com/support for more info.
npm warn deprecated tar@6.2.1: Old versions of tar are not supported, and contain widely publicized security vulnerabilities, which have been fixed in the current version. Please update. Support for old versions may be purchased (at exorbitant rates) by contacting i@izs.me
npm warn gitignore-fallback No .npmignore file found, using .gitignore for file exclusion. Consider creating a .npmignore file to explicitly control published files.
[2026-04-24 04:05:33] [45.1%%] Installing npm dependencies (estimated, elapsed 10s / timeout 20m00s)

added 214 packages in 10s
[2026-04-24 04:05:38] [60%%] Creating Intel app bundle from Electron runtime
[2026-04-24 04:05:39] [68%%] Injecting Codex resources from original app
[2026-04-24 04:05:39] [75%%] Rebuilding native modules for Electron 41.2.0 x64 (timeout: 30 minutes)
- Searching dependency tree
Attempting to build a module with a space in the path
See https://github.com/nodejs/node-gyp/issues/65#issuecomment-368820565 for reasons why this may not work
✔ Rebuild Complete
[2026-04-24 04:05:49] [85%%] Replacing native binaries inside app.asar.unpacked
[2026-04-24 04:05:50] [88%%] Replacing bundled codex/rg binaries with x64 versions
[2026-04-24 04:05:50] [90%%] Disabling incompatible Sparkle native addon
[2026-04-24 04:05:50] [92%%] Validating key binaries are x86_64
/Users/wujiaqi/Library/Mobile Documents/com~apple~CloudDocs/00-Gakiwu/AI Agent/Codex-Intel-Rebuilder-main/.tmp/codex_intel_build_20260424_040508/Codex.app/Contents/MacOS/Electron: Mach-O 64-bit executable x86_64
/Users/wujiaqi/Library/Mobile Documents/com~apple~CloudDocs/00-Gakiwu/AI Agent/Codex-Intel-Rebuilder-main/.tmp/codex_intel_build_20260424_040508/Codex.app/Contents/Resources/codex: Mach-O 64-bit executable x86_64
/Users/wujiaqi/Library/Mobile Documents/com~apple~CloudDocs/00-Gakiwu/AI Agent/Codex-Intel-Rebuilder-main/.tmp/codex_intel_build_20260424_040508/Codex.app/Contents/Resources/rg: Mach-O 64-bit executable x86_64
/Users/wujiaqi/Library/Mobile Documents/com~apple~CloudDocs/00-Gakiwu/AI Agent/Codex-Intel-Rebuilder-main/.tmp/codex_intel_build_20260424_040508/Codex.app/Contents/Resources/app.asar.unpacked/node_modules/better-sqlite3/build/Release/better_sqlite3.node: Mach-O 64-bit bundle x86_64
/Users/wujiaqi/Library/Mobile Documents/com~apple~CloudDocs/00-Gakiwu/AI Agent/Codex-Intel-Rebuilder-main/.tmp/codex_intel_build_20260424_040508/Codex.app/Contents/Resources/app.asar.unpacked/node_modules/node-pty/build/Release/pty.node: Mach-O 64-bit bundle x86_64
[2026-04-24 04:05:50] [95%%] Signing app ad-hoc
[2026-04-24 04:06:06] [98%%] Building output DMG: /Users/wujiaqi/Library/Mobile Documents/com~apple~CloudDocs/00-Gakiwu/AI Agent/Codex-Intel-Rebuilder-main/Codex-Intel.dmg
[2026-04-24 04:06:48] [100%%] Done
[2026-04-24 04:06:48] Output DMG: /Users/wujiaqi/Library/Mobile Documents/com~apple~CloudDocs/00-Gakiwu/AI Agent/Codex-Intel-Rebuilder-main/Codex-Intel.dmg
[2026-04-24 04:06:48] Build log: /Users/wujiaqi/Library/Mobile Documents/com~apple~CloudDocs/00-Gakiwu/AI Agent/Codex-Intel-Rebuilder-main/log.txt
[2026-04-24 04:06:48] Work dir: /Users/wujiaqi/Library/Mobile Documents/com~apple~CloudDocs/00-Gakiwu/AI Agent/Codex-Intel-Rebuilder-main/.tmp/codex_intel_build_20260424_040508
